// Vitest Snapshot v1, https://vitest.dev/guide/snapshot.html

exports[`GifsApp > should render component properly 1`] = `
<div>
  <div
    class="content-center"
  >
    <h1>
      <img
        alt="logo-gif-search"
        src="/public/gif-white-logo.png"
      />
      Buscador de GIFS
    </h1>
    <p>
      Descubre y comparte el gif
    </p>
  </div>
  <div
    class="search-container"
  >
    <input
      placeholder="Buscar gifs"
      type="text"
      value=""
    />
    <button>
      Buscar
    </button>
  </div>
  <div
    class="previous-searches"
  >
    <h2>
      Busquedas previas
    </h2>
    <ul
      class="previous-searches-list"
    />
  </div>
  <div
    class="gifs-container"
  />
</div>
`;
